Blender 4.5.3 LTS (hash 67807e1800cc built 2025-09-09 01:38:15)
Fra:1 Mem:78.17M (Peak 79.45M) | Time:00:00.02 | Mem:0.00M, Peak:0.00M | Scene, ViewLayer | Synchronizing object | Preview_floor
Fra:1 Mem:78.17M (Peak 79.45M) | Time:00:00.02 | Mem:0.00M, Peak:0.00M | Scene, ViewLayer | Synchronizing object | bookshelf__Timber_back
Fra:1 Mem:78.17M (Peak 79.45M) | Time:00:00.02 | Mem:0.00M, Peak:0.00M | Scene, ViewLayer | Synchronizing object | bookshelf__Vertical_partition_0
Fra:1 Mem:78.17M (Peak 79.45M) | Time:00:00.02 | Mem:0.00M, Peak:0.00M | Scene, ViewLayer | Synchronizing object | bookshelf__Vertical_partition_3
Fra:1 Mem:79.18M (Peak 79.45M) | Time:00:00.02 | Mem:0.00M, Peak:0.00M | Scene, ViewLayer | Synchronizing object | bookshelf__Vertical_partition_4
Fra:1 Mem:80.19M (Peak 80.19M) | Time:00:00.02 | Mem:0.00M, Peak:0.00M | Scene, ViewLayer | Synchronizing object | bookshelf__Bronze_loop
Fra:1 Mem:80.27M (Peak 80.27M) | Time:00:00.02 | Mem:0.00M, Peak:0.00M | Scene, ViewLayer | Synchronizing object | bookshelf__Bronze_loop.001
Fra:1 Mem:80.33M (Peak 80.33M) | Time:00:00.02 | Mem:0.00M, Peak:0.00M | Scene, ViewLayer | Synchronizing object | bookshelf__Bronze_loop.002
Fra:1 Mem:80.48M (Peak 80.48M) | Time:00:00.02 | Mem:0.00M, Peak:0.00M | Scene, ViewLayer | Synchronizing object | closet__Garment_rail
Fra:1 Mem:80.55M (Peak 80.55M) | Time:00:00.02 | Mem:0.00M, Peak:0.00M | Scene, ViewLayer | Synchronizing object | closet__Individual_hanger
Fra:1 Mem:80.59M (Peak 80.59M) | Time:00:00.02 | Mem:0.00M, Peak:0.00M | Scene, ViewLayer | Synchronizing object | closet__Garment_lapel
Fra:1 Mem:80.57M (Peak 80.59M) | Time:00:00.02 | Mem:0.00M, Peak:0.00M | Scene, ViewLayer | Synchronizing object | bookshelf__Continuous_shelf
Fra:1 Mem:80.59M (Peak 80.59M) | Time:00:00.03 | Mem:0.00M, Peak:0.00M | Scene, ViewLayer | Synchronizing object | bookshelf__Varied_books
Fra:1 Mem:80.64M (Peak 80.64M) | Time:00:00.03 | Mem:0.00M, Peak:0.00M | Scene, ViewLayer | Synchronizing object | bookshelf__Ceramic_vase
Fra:1 Mem:80.64M (Peak 80.64M) | Time:00:00.03 | Mem:0.00M, Peak:0.00M | Scene, ViewLayer | Synchronizing object | bookshelf__Shelf
Fra:1 Mem:80.76M (Peak 80.76M) | Time:00:00.03 | Mem:0.00M, Peak:0.00M | Scene, ViewLayer | Synchronizing object | bookshelf__LED_diffuser.001
Fra:1 Mem:80.74M (Peak 80.76M) | Time:00:00.03 | Mem:0.00M, Peak:0.00M | Scene, ViewLayer | Synchronizing object | bookshelf__Varied_books.001
Fra:1 Mem:80.84M (Peak 80.84M) | Time:00:00.03 | Mem:0.00M, Peak:0.00M | Scene, ViewLayer | Synchronizing object | bookshelf__LED_diffuser.002
Fra:1 Mem:80.87M (Peak 80.87M) | Time:00:00.03 | Mem:0.00M, Peak:0.00M | Scene, ViewLayer | Synchronizing object | bookshelf__Varied_books.002
Fra:1 Mem:80.87M (Peak 80.87M) | Time:00:00.03 | Mem:0.00M, Peak:0.00M | Scene, ViewLayer | Synchronizing object | bookshelf__Shelf.002
Fra:1 Mem:80.93M (Peak 80.93M) | Time:00:00.03 | Mem:0.00M, Peak:0.00M | Scene, ViewLayer | Synchronizing object | bookshelf__LED_diffuser.003
Fra:1 Mem:80.97M (Peak 80.97M) | Time:00:00.03 | Mem:0.00M, Peak:0.00M | Scene, ViewLayer | Synchronizing object | bookshelf__Varied_books.003
Fra:1 Mem:80.97M (Peak 80.97M) | Time:00:00.03 | Mem:0.00M, Peak:0.00M | Scene, ViewLayer | Synchronizing object | bookshelf__Ceramic_vase.001
Fra:1 Mem:81.04M (Peak 81.04M) | Time:00:00.03 | Mem:0.00M, Peak:0.00M | Scene, ViewLayer | Synchronizing object | bookshelf__Shelf.003
Fra:1 Mem:81.10M (Peak 81.10M) | Time:00:00.03 | Mem:0.00M, Peak:0.00M | Scene, ViewLayer | Synchronizing object | bookshelf__Varied_books.004
Fra:1 Mem:81.13M (Peak 81.13M) | Time:00:00.03 | Mem:0.00M, Peak:0.00M | Scene, ViewLayer | Synchronizing object | bookshelf__LED_diffuser.005
Fra:1 Mem:81.16M (Peak 81.16M) | Time:00:00.03 | Mem:0.00M, Peak:0.00M | Scene, ViewLayer | Synchronizing object | bookshelf__Varied_books.005
Fra:1 Mem:81.17M (Peak 81.17M) | Time:00:00.03 | Mem:0.00M, Peak:0.00M | Scene, ViewLayer | Synchronizing object | closet__Individual_hanger.002
Fra:1 Mem:81.21M (Peak 81.21M) | Time:00:00.03 | Mem:0.00M, Peak:0.00M | Scene, ViewLayer | Synchronizing object | bookshelf__Shelf.005
Fra:1 Mem:81.26M (Peak 81.26M) | Time:00:00.03 | Mem:0.00M, Peak:0.00M | Scene, ViewLayer | Synchronizing object | bookshelf__Ceramic_vase.002
Fra:1 Mem:81.34M (Peak 81.34M) | Time:00:00.03 | Mem:0.00M, Peak:0.00M | Scene, ViewLayer | Synchronizing object | bookshelf__Varied_books.006
Fra:1 Mem:81.35M (Peak 81.35M) | Time:00:00.03 | Mem:0.00M, Peak:0.00M | Scene, ViewLayer | Synchronizing object | bookshelf__Shelf.006
Fra:1 Mem:81.48M (Peak 81.48M) | Time:00:00.03 | Mem:0.00M, Peak:0.00M | Scene, ViewLayer | Synchronizing object | bookshelf__Varied_books.007
Fra:1 Mem:81.49M (Peak 81.49M) | Time:00:00.03 | Mem:0.00M, Peak:0.00M | Scene, ViewLayer | Synchronizing object | bookshelf__Display_plinth.001
Fra:1 Mem:81.52M (Peak 81.52M) | Time:00:00.03 | Mem:0.00M, Peak:0.00M | Scene, ViewLayer | Synchronizing object | bookshelf__Shelf.007
Fra:1 Mem:81.54M (Peak 81.54M) | Time:00:00.03 | Mem:0.00M, Peak:0.00M | Scene, ViewLayer | Synchronizing object | bookshelf__LED_diffuser.009
Fra:1 Mem:81.59M (Peak 81.59M) | Time:00:00.03 | Mem:0.00M, Peak:0.00M | Scene, ViewLayer | Synchronizing object | bookshelf__Varied_books.008
Fra:1 Mem:81.64M (Peak 81.64M) | Time:00:00.03 | Mem:0.00M, Peak:0.00M | Scene, ViewLayer | Synchronizing object | bookshelf__Ceramic_vase.003
Fra:1 Mem:81.65M (Peak 81.65M) | Time:00:00.03 | Mem:0.00M, Peak:0.00M | Scene, ViewLayer | Synchronizing object | bookshelf__LED_diffuser.010
Fra:1 Mem:81.70M (Peak 81.70M) | Time:00:00.03 | Mem:0.00M, Peak:0.00M | Scene, ViewLayer | Synchronizing object | bookshelf__Shelf.009
Fra:1 Mem:81.75M (Peak 81.75M) | Time:00:00.03 | Mem:0.00M, Peak:0.00M | Scene, ViewLayer | Synchronizing object | bookshelf__LED_diffuser.011
Fra:1 Mem:81.81M (Peak 81.81M) | Time:00:00.03 | Mem:0.00M, Peak:0.00M | Scene, ViewLayer | Synchronizing object | bookshelf__Varied_books.010
Fra:1 Mem:81.89M (Peak 81.89M) | Time:00:00.03 | Mem:0.00M, Peak:0.00M | Scene, ViewLayer | Synchronizing object | bookshelf__Shelf.010
Fra:1 Mem:81.93M (Peak 81.93M) | Time:00:00.03 | Mem:0.00M, Peak:0.00M | Scene, ViewLayer | Synchronizing object | bookshelf__LED_diffuser.012
Fra:1 Mem:82.00M (Peak 82.00M) | Time:00:00.03 | Mem:0.00M, Peak:0.00M | Scene, ViewLayer | Synchronizing object | bookshelf__Ceramic_vase.004
Fra:1 Mem:81.99M (Peak 82.00M) | Time:00:00.03 | Mem:0.00M, Peak:0.00M | Scene, ViewLayer | Synchronizing object | bookshelf__LED_diffuser.013
Fra:1 Mem:82.03M (Peak 82.03M) | Time:00:00.03 | Mem:0.00M, Peak:0.00M | Scene, ViewLayer | Synchronizing object | closet__Garment_lapel.003
Fra:1 Mem:82.04M (Peak 82.04M) | Time:00:00.03 | Mem:0.00M, Peak:0.00M | Scene, ViewLayer | Synchronizing object | bookshelf__LED_diffuser.014
Fra:1 Mem:82.09M (Peak 82.09M) | Time:00:00.03 | Mem:0.00M, Peak:0.00M | Scene, ViewLayer | Synchronizing object | bookshelf__Varied_books.012
Fra:1 Mem:82.08M (Peak 82.09M) | Time:00:00.03 | Mem:0.00M, Peak:0.00M | Scene, ViewLayer | Synchronizing object | bookshelf__Display_plinth.002
Fra:1 Mem:82.09M (Peak 82.09M) | Time:00:00.03 | Mem:0.00M, Peak:0.00M | Scene, ViewLayer | Synchronizing object | closet__Individual_hanger.004
Fra:1 Mem:82.14M (Peak 82.14M) | Time:00:00.03 | Mem:0.00M, Peak:0.00M | Scene, ViewLayer | Synchronizing object | bookshelf__LED_diffuser.015
Fra:1 Mem:82.14M (Peak 82.14M) | Time:00:00.03 | Mem:0.00M, Peak:0.00M | Scene, ViewLayer | Synchronizing object | bookshelf__Varied_books.013
Fra:1 Mem:82.20M (Peak 82.20M) | Time:00:00.03 | Mem:0.00M, Peak:0.00M | Scene, ViewLayer | Synchronizing object | closet__Garment_lapel.004
Fra:1 Mem:82.27M (Peak 82.27M) | Time:00:00.03 | Mem:0.00M, Peak:0.00M | Scene, ViewLayer | Synchronizing object | bookshelf__Shelf.013
Fra:1 Mem:82.29M (Peak 82.29M) | Time:00:00.03 | Mem:0.00M, Peak:0.00M | Scene, ViewLayer | Synchronizing object | closet__Individual_hanger.005
Fra:1 Mem:82.37M (Peak 82.37M) | Time:00:00.03 | Mem:0.00M, Peak:0.00M | Scene, ViewLayer | Synchronizing object | bookshelf__LED_diffuser.016
Fra:1 Mem:82.38M (Peak 82.38M) | Time:00:00.03 | Mem:0.00M, Peak:0.00M | Scene, ViewLayer | Synchronizing object | bookshelf__Shelf.014
Fra:1 Mem:82.42M (Peak 82.42M) | Time:00:00.03 | Mem:0.00M, Peak:0.00M | Scene, ViewLayer | Synchronizing object | bookshelf__LED_diffuser.017
Fra:1 Mem:82.47M (Peak 82.47M) | Time:00:00.03 | Mem:0.00M, Peak:0.00M | Scene, ViewLayer | Synchronizing object | bookshelf__Varied_books.015
Fra:1 Mem:82.46M (Peak 82.47M) | Time:00:00.03 | Mem:0.00M, Peak:0.00M | Scene, ViewLayer | Synchronizing object | bookshelf__LED_diffuser.018
Fra:1 Mem:82.46M (Peak 82.47M) | Time:00:00.03 | Mem:0.00M, Peak:0.00M | Scene, ViewLayer | Synchronizing object | closet__Individual_hanger.006
Fra:1 Mem:82.65M (Peak 82.65M) | Time:00:00.03 | Mem:0.00M, Peak:0.00M | Scene, ViewLayer | Synchronizing object | bookshelf__Shelf.016
Fra:1 Mem:82.67M (Peak 82.67M) | Time:00:00.03 | Mem:0.00M, Peak:0.00M | Scene, ViewLayer | Synchronizing object | bookshelf__LED_diffuser.019
Fra:1 Mem:82.76M (Peak 82.76M) | Time:00:00.03 | Mem:0.00M, Peak:0.00M | Scene, ViewLayer | Synchronizing object | bookshelf__Varied_books.016
Fra:1 Mem:82.75M (Peak 82.76M) | Time:00:00.03 | Mem:0.00M, Peak:0.00M | Scene, ViewLayer | Synchronizing object | closet__Garment_lapel.006
Fra:1 Mem:82.76M (Peak 82.76M) | Time:00:00.03 | Mem:0.00M, Peak:0.00M | Scene, ViewLayer | Synchronizing object | bookshelf__LED_diffuser.021
Fra:1 Mem:82.79M (Peak 82.79M) | Time:00:00.03 | Mem:0.00M, Peak:0.00M | Scene, ViewLayer | Synchronizing object | bookshelf__Varied_books.018
Fra:1 Mem:82.89M (Peak 82.89M) | Time:00:00.03 | Mem:0.00M, Peak:0.00M | Scene, ViewLayer | Synchronizing object | bookshelf__Ceramic_vase.007
Fra:1 Mem:83.05M (Peak 83.05M) | Time:00:00.03 | Mem:0.00M, Peak:0.00M | Scene, ViewLayer | Synchronizing object | bookshelf__Shelf.018
Fra:1 Mem:83.05M (Peak 83.05M) | Time:00:00.03 | Mem:0.00M, Peak:0.00M | Scene, ViewLayer | Synchronizing object | bookshelf__LED_diffuser.022
Fra:1 Mem:83.13M (Peak 83.13M) | Time:00:00.03 | Mem:0.00M, Peak:0.00M | Scene, ViewLayer | Synchronizing object | bookshelf__Varied_books.019
Fra:1 Mem:83.13M (Peak 83.13M) | Time:00:00.03 | Mem:0.00M, Peak:0.00M | Scene, ViewLayer | Synchronizing object | bookshelf__LED_diffuser.023
Fra:1 Mem:83.12M (Peak 83.13M) | Time:00:00.03 | Mem:0.00M, Peak:0.00M | Scene, ViewLayer | Synchronizing object | bookshelf__Varied_books.020
Fra:1 Mem:83.20M (Peak 83.20M) | Time:00:00.03 | Mem:0.00M, Peak:0.00M | Scene, ViewLayer | Synchronizing object | closet__Garment_rail.001
Fra:1 Mem:83.20M (Peak 83.20M) | Time:00:00.03 | Mem:0.00M, Peak:0.00M | Scene, ViewLayer | Synchronizing object | bookshelf__Ceramic_vase.008
Fra:1 Mem:83.19M (Peak 83.20M) | Time:00:00.03 | Mem:0.00M, Peak:0.00M | Scene, ViewLayer | Synchronizing object | bookshelf__Shelf.021
Fra:1 Mem:83.22M (Peak 83.22M) | Time:00:00.03 | Mem:0.00M, Peak:0.00M | Scene, ViewLayer | Synchronizing object | bookshelf__LED_diffuser.025
Fra:1 Mem:83.28M (Peak 83.28M) | Time:00:00.03 | Mem:0.00M, Peak:0.00M | Scene, ViewLayer | Synchronizing object | closet__Individual_hanger.007
Fra:1 Mem:83.34M (Peak 83.34M) | Time:00:00.03 | Mem:0.00M, Peak:0.00M | Scene, ViewLayer | Synchronizing object | bookshelf__Varied_books.021
Fra:1 Mem:83.41M (Peak 83.41M) | Time:00:00.03 | Mem:0.00M, Peak:0.00M | Scene, ViewLayer | Synchronizing object | bookshelf__Shelf.022
Fra:1 Mem:83.44M (Peak 83.44M) | Time:00:00.03 | Mem:0.00M, Peak:0.00M | Scene, ViewLayer | Synchronizing object | closet__Garment_lapel.007
Fra:1 Mem:83.45M (Peak 83.45M) | Time:00:00.03 | Mem:0.00M, Peak:0.00M | Scene, ViewLayer | Synchronizing object | bookshelf__Shelf.023
Fra:1 Mem:83.52M (Peak 83.52M) | Time:00:00.03 | Mem:0.00M, Peak:0.00M | Scene, ViewLayer | Synchronizing object | bookshelf__LED_diffuser.027
Fra:1 Mem:83.54M (Peak 83.54M) | Time:00:00.03 | Mem:0.00M, Peak:0.00M | Scene, ViewLayer | Synchronizing object | bookshelf__Varied_books.023
Fra:1 Mem:83.58M (Peak 83.58M) | Time:00:00.03 | Mem:0.00M, Peak:0.00M | Scene, ViewLayer | Synchronizing object | bookshelf__Ceramic_vase.009
Fra:1 Mem:83.67M (Peak 83.67M) | Time:00:00.03 | Mem:0.00M, Peak:0.00M | Scene, ViewLayer | Synchronizing object | closet__Timber_back
Fra:1 Mem:83.66M (Peak 83.67M) | Time:00:00.03 | Mem:0.00M, Peak:0.00M | Scene, ViewLayer | Synchronizing object | closet__Recessed_plinth
Fra:1 Mem:83.72M (Peak 83.72M) | Time:00:00.03 | Mem:0.00M, Peak:0.00M | Scene, ViewLayer | Synchronizing object | closet__Vertical_partition_0
Fra:1 Mem:83.70M (Peak 83.72M) | Time:00:00.03 | Mem:0.00M, Peak:0.00M | Scene, ViewLayer | Synchronizing object | closet__Vertical_partition_1
Fra:1 Mem:83.74M (Peak 83.74M) | Time:00:00.03 | Mem:0.00M, Peak:0.00M | Scene, ViewLayer | Synchronizing object | closet__Vertical_partition_2
Fra:1 Mem:83.77M (Peak 83.77M) | Time:00:00.03 | Mem:0.00M, Peak:0.00M | Scene, ViewLayer | Synchronizing object | closet__Vertical_partition_3
Fra:1 Mem:83.84M (Peak 83.84M) | Time:00:00.03 | Mem:0.00M, Peak:0.00M | Scene, ViewLayer | Synchronizing object | closet__Vertical_partition_4
Fra:1 Mem:83.90M (Peak 83.90M) | Time:00:00.03 | Mem:0.00M, Peak:0.00M | Scene, ViewLayer | Synchronizing object | closet__Continuous_shelf
Fra:1 Mem:83.90M (Peak 83.90M) | Time:00:00.03 | Mem:0.00M, Peak:0.00M | Scene, ViewLayer | Synchronizing object | closet__Closet_shelf
Fra:1 Mem:83.92M (Peak 83.92M) | Time:00:00.03 | Mem:0.00M, Peak:0.00M | Scene, ViewLayer | Synchronizing object | closet__Closet_LED
Fra:1 Mem:83.97M (Peak 83.97M) | Time:00:00.03 | Mem:0.00M, Peak:0.00M | Scene, ViewLayer | Synchronizing object | closet__Garment_lapel.008
Fra:1 Mem:83.96M (Peak 83.97M) | Time:00:00.03 | Mem:0.00M, Peak:0.00M | Scene, ViewLayer | Synchronizing object | closet__Closet_shelf.001
Fra:1 Mem:84.03M (Peak 84.03M) | Time:00:00.03 | Mem:0.00M, Peak:0.00M | Scene, ViewLayer | Synchronizing object | closet__Closet_LED.001
Fra:1 Mem:84.04M (Peak 84.04M) | Time:00:00.03 | Mem:0.00M, Peak:0.00M | Scene, ViewLayer | Synchronizing object | closet__Drawer_front
Fra:1 Mem:84.06M (Peak 84.06M) | Time:00:00.03 | Mem:0.00M, Peak:0.00M | Scene, ViewLayer | Synchronizing object | closet__Drawer_pull
Fra:1 Mem:84.15M (Peak 84.15M) | Time:00:00.03 | Mem:0.00M, Peak:0.00M | Scene, ViewLayer | Synchronizing object | closet__Drawer_front.001
Fra:1 Mem:84.12M (Peak 84.15M) | Time:00:00.03 | Mem:0.00M, Peak:0.00M | Scene, ViewLayer | Synchronizing object | closet__Garment_lapel.009
Fra:1 Mem:84.14M (Peak 84.15M) | Time:00:00.03 | Mem:0.00M, Peak:0.00M | Scene, ViewLayer | Synchronizing object | closet__Hanging_jacket_2
Fra:1 Mem:84.16M (Peak 84.16M) | Time:00:00.03 | Mem:0.00M, Peak:0.00M | Scene, ViewLayer | Synchronizing object | closet__Hanging_jacket_3
Fra:1 Mem:84.20M (Peak 84.20M) | Time:00:00.03 | Mem:0.00M, Peak:0.00M | Scene, ViewLayer | Synchronizing object | closet__Hanging_jacket_4
Fra:1 Mem:84.30M (Peak 84.30M) | Time:00:00.03 | Mem:0.00M, Peak:0.00M | Scene, ViewLayer | Synchronizing object | closet__Individual_hanger.010
Fra:1 Mem:84.36M (Peak 84.36M) | Time:00:00.03 | Mem:0.00M, Peak:0.00M | Scene, ViewLayer | Synchronizing object | closet__Hanging_jacket_5
Fra:1 Mem:84.45M (Peak 84.45M) | Time:00:00.03 | Mem:0.00M, Peak:0.00M | Scene, ViewLayer | Synchronizing object | closet__Hanging_jacket_6
Fra:1 Mem:84.47M (Peak 84.47M) | Time:00:00.03 | Mem:0.00M, Peak:0.00M | Scene, ViewLayer | Synchronizing object | closet__Folded_textiles
Fra:1 Mem:84.52M (Peak 84.52M) | Time:00:00.03 | Mem:0.00M, Peak:0.00M | Scene, ViewLayer | Synchronizing object | closet__Garment_lapel.010
Fra:1 Mem:84.54M (Peak 84.54M) | Time:00:00.03 | Mem:0.00M, Peak:0.00M | Scene, ViewLayer | Synchronizing object | closet__Folded_textiles.002
Fra:1 Mem:84.64M (Peak 84.64M) | Time:00:00.03 | Mem:0.00M, Peak:0.00M | Scene, ViewLayer | Synchronizing object | closet__Closet_shelf.002
Fra:1 Mem:84.66M (Peak 84.66M) | Time:00:00.03 | Mem:0.00M, Peak:0.00M | Scene, ViewLayer | Synchronizing object | closet__Closet_LED.002
Fra:1 Mem:84.78M (Peak 84.78M) | Time:00:00.03 | Mem:0.00M, Peak:0.00M | Scene, ViewLayer | Synchronizing object | closet__Individual_hanger.011
Fra:1 Mem:84.79M (Peak 84.79M) | Time:00:00.03 | Mem:0.00M, Peak:0.00M | Scene, ViewLayer | Synchronizing object | closet__Closet_shelf.003
Fra:1 Mem:85.01M (Peak 85.03M) | Time:00:00.03 | Mem:0.00M, Peak:0.00M | Scene, ViewLayer | Synchronizing object | closet__Closet_LED.003
Fra:1 Mem:85.03M (Peak 85.03M) | Time:00:00.03 | Mem:0.00M, Peak:0.00M | Scene, ViewLayer | Synchronizing object | closet__Drawer_front.002
Fra:1 Mem:85.03M (Peak 85.03M) | Time:00:00.03 | Mem:0.00M, Peak:0.00M | Scene, ViewLayer | Synchronizing object | closet__Garment_lapel.011
Fra:1 Mem:85.06M (Peak 85.06M) | Time:00:00.03 | Mem:0.00M, Peak:0.00M | Scene, ViewLayer | Synchronizing object | closet__Hanging_jacket_0.001
Fra:1 Mem:85.09M (Peak 85.09M) | Time:00:00.03 | Mem:0.00M, Peak:0.00M | Scene, ViewLayer | Synchronizing object | closet__Hanging_jacket_1.001
Fra:1 Mem:85.13M (Peak 85.13M) | Time:00:00.03 | Mem:0.00M, Peak:0.00M | Scene, ViewLayer | Synchronizing object | closet__Individual_hanger.012
Fra:1 Mem:85.23M (Peak 85.23M) | Time:00:00.03 | Mem:0.00M, Peak:0.00M | Scene, ViewLayer | Synchronizing object | closet__Hanging_jacket_2.001
Fra:1 Mem:85.24M (Peak 85.24M) | Time:00:00.03 | Mem:0.00M, Peak:0.00M | Scene, ViewLayer | Synchronizing object | closet__Hanging_jacket_3.001
Fra:1 Mem:85.26M (Peak 85.26M) | Time:00:00.03 | Mem:0.00M, Peak:0.00M | Scene, ViewLayer | Synchronizing object | closet__Hanging_jacket_4.001
Fra:1 Mem:85.28M (Peak 85.28M) | Time:00:00.03 | Mem:0.00M, Peak:0.00M | Scene, ViewLayer | Synchronizing object | closet__Garment_lapel.012
Fra:1 Mem:85.48M (Peak 85.48M) | Time:00:00.03 | Mem:0.00M, Peak:0.00M | Scene, ViewLayer | Synchronizing object | closet__Individual_hanger.013
Fra:1 Mem:85.49M (Peak 85.49M) | Time:00:00.03 | Mem:0.00M, Peak:0.00M | Scene, ViewLayer | Synchronizing object | closet__Hanging_jacket_6.001
Fra:1 Mem:85.53M (Peak 85.53M) | Time:00:00.03 | Mem:0.00M, Peak:0.00M | Scene, ViewLayer | Synchronizing object | closet__Garment_lapel.013
Fra:1 Mem:85.55M (Peak 85.55M) | Time:00:00.03 | Mem:0.00M, Peak:0.00M | Scene, ViewLayer | Synchronizing object | closet__Folded_textiles.003
Fra:1 Mem:85.57M (Peak 85.57M) | Time:00:00.03 | Mem:0.00M, Peak:0.00M | Scene, ViewLayer | Synchronizing object | closet__Folded_textiles.004
Fra:1 Mem:85.58M (Peak 85.58M) | Time:00:00.03 | Mem:0.00M, Peak:0.00M | Scene, ViewLayer | Synchronizing object | closet__Handbag_body
Fra:1 Mem:85.62M (Peak 85.62M) | Time:00:00.03 | Mem:0.00M, Peak:0.00M | Scene, ViewLayer | Synchronizing object | closet__Bag_clasp
Fra:1 Mem:85.73M (Peak 85.73M) | Time:00:00.03 | Mem:0.00M, Peak:0.00M | Scene, ViewLayer | Synchronizing object | closet__Bag_handles
Fra:1 Mem:86.08M (Peak 86.08M) | Time:00:00.03 | Mem:0.00M, Peak:0.00M | Scene, ViewLayer | Synchronizing object | closet__Closet_shelf.004
Fra:1 Mem:86.08M (Peak 86.08M) | Time:00:00.03 | Mem:0.00M, Peak:0.00M | Scene, ViewLayer | Synchronizing object | closet__Closet_LED.004
Fra:1 Mem:86.09M (Peak 86.09M) | Time:00:00.03 | Mem:0.00M, Peak:0.00M | Scene, ViewLayer | Synchronizing object | closet__Closet_LED.005
Fra:1 Mem:86.11M (Peak 86.11M) | Time:00:00.03 | Mem:0.00M, Peak:0.00M | Scene, ViewLayer | Synchronizing object | closet__Drawer_front.004
Fra:1 Mem:86.15M (Peak 86.15M) | Time:00:00.03 | Mem:0.00M, Peak:0.00M | Scene, ViewLayer | Synchronizing object | closet__Drawer_pull.004
Fra:1 Mem:86.23M (Peak 86.23M) | Time:00:00.03 | Mem:0.00M, Peak:0.00M | Scene, ViewLayer | Synchronizing object | closet__Drawer_front.005
Fra:1 Mem:86.24M (Peak 86.24M) | Time:00:00.03 | Mem:0.00M, Peak:0.00M | Scene, ViewLayer | Synchronizing object | closet__Bag_handles.001
Fra:1 Mem:86.28M (Peak 86.28M) | Time:00:00.03 | Mem:0.00M, Peak:0.00M | Scene, ViewLayer | Synchronizing object | closet__Accessories_shelf
Fra:1 Mem:86.33M (Peak 86.33M) | Time:00:00.03 | Mem:0.00M, Peak:0.00M | Scene, ViewLayer | Synchronizing object | closet__Accessories_LED
Fra:1 Mem:86.42M (Peak 86.42M) | Time:00:00.03 | Mem:0.00M, Peak:0.00M | Scene, ViewLayer | Synchronizing object | closet__Shoe_sole
Fra:1 Mem:86.42M (Peak 86.42M) | Time:00:00.03 | Mem:0.00M, Peak:0.00M | Scene, ViewLayer | Synchronizing object | closet__Shoe_upper
Fra:1 Mem:86.44M (Peak 86.44M) | Time:00:00.03 | Mem:0.00M, Peak:0.00M | Scene, ViewLayer | Synchronizing object | closet__Shoe_sole.001
Fra:1 Mem:86.47M (Peak 86.47M) | Time:00:00.03 | Mem:0.00M, Peak:0.00M | Scene, ViewLayer | Synchronizing object | closet__Shoe_upper.001
Fra:1 Mem:86.52M (Peak 86.52M) | Time:00:00.03 | Mem:0.00M, Peak:0.00M | Scene, ViewLayer | Synchronizing object | closet__Shoe_opening.001
Fra:1 Mem:86.56M (Peak 86.56M) | Time:00:00.03 | Mem:0.00M, Peak:0.00M | Scene, ViewLayer | Synchronizing object | closet__Shoe_sole.002
Fra:1 Mem:86.58M (Peak 86.58M) | Time:00:00.03 | Mem:0.00M, Peak:0.00M | Scene, ViewLayer | Synchronizing object | closet__Shoe_upper.002
Fra:1 Mem:86.62M (Peak 86.62M) | Time:00:00.03 | Mem:0.00M, Peak:0.00M | Scene, ViewLayer | Synchronizing object | closet__Shoe_sole.003
Fra:1 Mem:86.68M (Peak 86.68M) | Time:00:00.03 | Mem:0.00M, Peak:0.00M | Scene, ViewLayer | Synchronizing object | closet__Shoe_upper.003
Fra:1 Mem:86.77M (Peak 86.77M) | Time:00:00.03 | Mem:0.00M, Peak:0.00M | Scene, ViewLayer | Synchronizing object | closet__Shoe_opening.003
Fra:1 Mem:86.84M (Peak 86.84M) | Time:00:00.03 | Mem:0.00M, Peak:0.00M | Scene, ViewLayer | Synchronizing object | closet__Accessories_shelf.001
Fra:1 Mem:86.86M (Peak 86.86M) | Time:00:00.03 | Mem:0.00M, Peak:0.00M | Scene, ViewLayer | Synchronizing object | closet__Accessories_LED.001
Fra:1 Mem:86.88M (Peak 86.88M) | Time:00:00.03 | Mem:0.00M, Peak:0.00M | Scene, ViewLayer | Synchronizing object | closet__Bag_handles.002
Fra:1 Mem:86.91M (Peak 86.91M) | Time:00:00.03 | Mem:0.00M, Peak:0.00M | Scene, ViewLayer | Synchronizing object | closet__Handbag_body.001
Fra:1 Mem:86.95M (Peak 86.95M) | Time:00:00.03 | Mem:0.00M, Peak:0.00M | Scene, ViewLayer | Synchronizing object | closet__Bag_flap.001
Fra:1 Mem:87.12M (Peak 87.12M) | Time:00:00.03 | Mem:0.00M, Peak:0.00M | Scene, ViewLayer | Synchronizing object | closet__Bag_clasp.001
Fra:1 Mem:87.12M (Peak 87.12M) | Time:00:00.03 | Mem:0.00M, Peak:0.00M | Scene, ViewLayer | Synchronizing object | closet__Accessories_shelf.002
Fra:1 Mem:87.11M (Peak 87.12M) | Time:00:00.03 | Mem:0.00M, Peak:0.00M | Scene, ViewLayer | Synchronizing object | closet__Accessories_LED.002
Fra:1 Mem:87.14M (Peak 87.14M) | Time:00:00.03 | Mem:0.00M, Peak:0.00M | Scene, ViewLayer | Synchronizing object | closet__Shoe_sole.004
Fra:1 Mem:87.15M (Peak 87.15M) | Time:00:00.03 | Mem:0.00M, Peak:0.00M | Scene, ViewLayer | Synchronizing object | closet__Shoe_opening.004
Fra:1 Mem:87.19M (Peak 87.19M) | Time:00:00.03 | Mem:0.00M, Peak:0.00M | Scene, ViewLayer | Synchronizing object | closet__Shoe_sole.005
Fra:1 Mem:87.25M (Peak 87.25M) | Time:00:00.03 | Mem:0.00M, Peak:0.00M | Scene, ViewLayer | Synchronizing object | closet__Shoe_upper.005
Fra:1 Mem:87.25M (Peak 87.25M) | Time:00:00.03 | Mem:0.00M, Peak:0.00M | Scene, ViewLayer | Synchronizing object | closet__Individual_hanger.014
Fra:1 Mem:87.28M (Peak 87.28M) | Time:00:00.03 | Mem:0.00M, Peak:0.00M | Scene, ViewLayer | Synchronizing object | closet__Shoe_opening.005
Fra:1 Mem:87.37M (Peak 87.37M) | Time:00:00.03 | Mem:0.00M, Peak:0.00M | Scene, ViewLayer | Synchronizing object | closet__Garment_lapel.014
Fra:1 Mem:87.43M (Peak 87.43M) | Time:00:00.03 | Mem:0.00M, Peak:0.00M | Scene, ViewLayer | Synchronizing object | closet__Shoe_sole.006
Fra:1 Mem:87.43M (Peak 87.43M) | Time:00:00.03 | Mem:0.00M, Peak:0.00M | Scene, ViewLayer | Synchronizing object | closet__Shoe_opening.006
Fra:1 Mem:87.44M (Peak 87.44M) | Time:00:00.03 | Mem:0.00M, Peak:0.00M | Scene, ViewLayer | Synchronizing object | closet__Shoe_upper.007
Fra:1 Mem:87.62M (Peak 87.62M) | Time:00:00.03 | Mem:0.00M, Peak:0.00M | Scene, ViewLayer | Synchronizing object | closet__Shoe_opening.007
Fra:1 Mem:87.69M (Peak 87.69M) | Time:00:00.03 | Mem:0.00M, Peak:0.00M | Scene, ViewLayer | Synchronizing object | closet__Accessories_shelf.003
Fra:1 Mem:87.71M (Peak 87.71M) | Time:00:00.03 | Mem:0.00M, Peak:0.00M | Scene, ViewLayer | Synchronizing object | closet__Accessories_LED.003
Fra:1 Mem:87.74M (Peak 87.74M) | Time:00:00.03 | Mem:0.00M, Peak:0.00M | Scene, ViewLayer | Synchronizing object | closet__Garment_lapel.015
Fra:1 Mem:87.80M (Peak 87.80M) | Time:00:00.03 | Mem:0.00M, Peak:0.00M | Scene, ViewLayer | Synchronizing object | closet__Bag_clasp.002
Fra:1 Mem:87.81M (Peak 87.81M) | Time:00:00.03 | Mem:0.00M, Peak:0.00M | Scene, ViewLayer | Synchronizing object | closet__Individual_hanger.016
Fra:1 Mem:87.86M (Peak 87.87M) | Time:00:00.03 | Mem:0.00M, Peak:0.00M | Scene, ViewLayer | Synchronizing object | closet__Lidded_storage_box.002
Fra:1 Mem:87.82M (Peak 87.87M) | Time:00:00.03 | Mem:0.00M, Peak:0.00M | Scene, ViewLayer | Synchronizing object | closet__Lidded_storage_box.003
Fra:1 Mem:87.84M (Peak 87.87M) | Time:00:00.03 | Mem:0.00M, Peak:0.00M | Scene, ViewLayer | Synchronizing object | closet__Closet_shelf.006
Fra:1 Mem:87.86M (Peak 87.87M) | Time:00:00.03 | Mem:0.00M, Peak:0.00M | Scene, ViewLayer | Synchronizing object | closet__Garment_lapel.016
Fra:1 Mem:87.91M (Peak 87.91M) | Time:00:00.03 | Mem:0.00M, Peak:0.00M | Scene, ViewLayer | Synchronizing object | closet__Individual_hanger.017
Fra:1 Mem:87.96M (Peak 87.96M) | Time:00:00.03 | Mem:0.00M, Peak:0.00M | Scene, ViewLayer | Synchronizing object | closet__Garment_lapel.017
Fra:1 Mem:87.97M (Peak 87.97M) | Time:00:00.03 | Mem:0.00M, Peak:0.00M | Scene, ViewLayer | Synchronizing object | closet__Closet_LED.006
Fra:1 Mem:87.99M (Peak 87.99M) | Time:00:00.03 | Mem:0.00M, Peak:0.00M | Scene, ViewLayer | Synchronizing object | closet__Individual_hanger.018
Fra:1 Mem:88.02M (Peak 88.02M) | Time:00:00.03 | Mem:0.00M, Peak:0.00M | Scene, ViewLayer | Synchronizing object | closet__Closet_shelf.007
Fra:1 Mem:88.01M (Peak 88.02M) | Time:00:00.03 | Mem:0.00M, Peak:0.00M | Scene, ViewLayer | Synchronizing object | closet__Drawer_pull.006
Fra:1 Mem:88.08M (Peak 88.08M) | Time:00:00.03 | Mem:0.00M, Peak:0.00M | Scene, ViewLayer | Synchronizing object | closet__Drawer_front.007
Fra:1 Mem:88.04M (Peak 88.08M) | Time:00:00.03 | Mem:0.00M, Peak:0.00M | Scene, ViewLayer | Synchronizing object | closet__Drawer_pull.007
Fra:1 Mem:88.05M (Peak 88.08M) | Time:00:00.03 | Mem:0.00M, Peak:0.00M | Scene, ViewLayer | Synchronizing object | closet__Hanging_jacket_0.002
Fra:1 Mem:88.14M (Peak 88.14M) | Time:00:00.03 | Mem:0.00M, Peak:0.00M | Scene, ViewLayer | Synchronizing object | closet__Hanging_jacket_1.002
Fra:1 Mem:88.14M (Peak 88.14M) | Time:00:00.03 | Mem:0.00M, Peak:0.00M | Scene, ViewLayer | Synchronizing object | closet__Hanging_jacket_2.002
Fra:1 Mem:88.17M (Peak 88.17M) | Time:00:00.03 | Mem:0.00M, Peak:0.00M | Scene, ViewLayer | Synchronizing object | closet__Individual_hanger.019
Fra:1 Mem:88.27M (Peak 88.27M) | Time:00:00.03 | Mem:0.00M, Peak:0.00M | Scene, ViewLayer | Synchronizing object | closet__Hanging_jacket_4.002
Fra:1 Mem:88.25M (Peak 88.27M) | Time:00:00.03 | Mem:0.00M, Peak:0.00M | Scene, ViewLayer | Synchronizing object | closet__Hanging_jacket_5.002
Fra:1 Mem:88.28M (Peak 88.28M) | Time:00:00.03 | Mem:0.00M, Peak:0.00M | Scene, ViewLayer | Synchronizing object | closet__Garment_lapel.019
Fra:1 Mem:88.42M (Peak 88.42M) | Time:00:00.03 | Mem:0.00M, Peak:0.00M | Scene, ViewLayer | Synchronizing object | closet__Individual_hanger.020
Fra:1 Mem:88.45M (Peak 88.45M) | Time:00:00.03 | Mem:0.00M, Peak:0.00M | Scene, ViewLayer | Synchronizing object | closet__Hanging_jacket_6.002
Fra:1 Mem:88.46M (Peak 88.46M) | Time:00:00.03 | Mem:0.00M, Peak:0.00M | Scene, ViewLayer | Synchronizing object | closet__Garment_lapel.020
Fra:1 Mem:88.52M (Peak 88.52M) | Time:00:00.03 | Mem:0.00M, Peak:0.00M | Scene, ViewLayer | Synchronizing object | closet__Folded_textiles.006
Fra:1 Mem:88.53M (Peak 88.53M) | Time:00:00.03 | Mem:0.00M, Peak:0.00M | Scene, ViewLayer | Synchronizing object | closet__Folded_textiles.008
Fra:1 Mem:88.54M (Peak 88.54M) | Time:00:00.03 | Mem:0.00M, Peak:0.00M | Scene, ViewLayer | Synchronizing object | closet__Bag_flap.003
Fra:1 Mem:88.54M (Peak 88.54M) | Time:00:00.03 | Mem:0.00M, Peak:0.00M | Scene, ViewLayer | Synchronizing object | closet__Bag_handles.003
Fra:1 Mem:88.99M (Peak 88.99M) | Time:00:00.03 | Mem:0.00M, Peak:0.00M | Scene, ViewLayer | Synchronizing object | bed__Recessed_plinth
Fra:1 Mem:88.99M (Peak 88.99M) | Time:00:00.03 | Mem:0.00M, Peak:0.00M | Scene, ViewLayer | Synchronizing object | bed__Upholstered_bed_frame_welt
Fra:1 Mem:89.15M (Peak 89.15M) | Time:00:00.03 | Mem:0.00M, Peak:0.00M | Scene, ViewLayer | Synchronizing object | bed__Mattress
Fra:1 Mem:89.24M (Peak 89.24M) | Time:00:00.03 | Mem:0.00M, Peak:0.00M | Scene, ViewLayer | Synchronizing object | bed__Mattress_welt
Fra:1 Mem:89.46M (Peak 89.46M) | Time:00:00.03 | Mem:0.00M, Peak:0.00M | Scene, ViewLayer | Synchronizing object | bed__Low_padded_headboard
Fra:1 Mem:89.49M (Peak 89.49M) | Time:00:00.03 | Mem:0.00M, Peak:0.00M | Scene, ViewLayer | Synchronizing object | bed__Low_padded_headboard_welt
Fra:1 Mem:89.72M (Peak 89.72M) | Time:00:00.03 | Mem:0.00M, Peak:0.00M | Scene, ViewLayer | Synchronizing object | bed__Headboard_channel
Fra:1 Mem:89.70M (Peak 89.72M) | Time:00:00.03 | Mem:0.00M, Peak:0.00M | Scene, ViewLayer | Synchronizing object | bed__Headboard_channel.001
Fra:1 Mem:89.70M (Peak 89.72M) | Time:00:00.03 | Mem:0.00M, Peak:0.00M | Scene, ViewLayer | Synchronizing object | bed__Headboard_channel.002
Fra:1 Mem:89.70M (Peak 89.72M) | Time:00:00.03 | Mem:0.00M, Peak:0.00M | Scene, ViewLayer | Synchronizing object | bed__Headboard_channel.003
Fra:1 Mem:89.71M (Peak 89.72M) | Time:00:00.03 | Mem:0.00M, Peak:0.00M | Scene, ViewLayer | Synchronizing object | bed__Headboard_channel.004
Fra:1 Mem:89.71M (Peak 89.72M) | Time:00:00.03 | Mem:0.00M, Peak:0.00M | Scene, ViewLayer | Synchronizing object | bed__Headboard_channel.005
Fra:1 Mem:89.72M (Peak 89.72M) | Time:00:00.03 | Mem:0.00M, Peak:0.00M | Scene, ViewLayer | Synchronizing object | bed__Headboard_channel.006
Fra:1 Mem:89.72M (Peak 89.72M) | Time:00:00.03 | Mem:0.00M, Peak:0.00M | Scene, ViewLayer | Synchronizing object | bed__Headboard_channel.007
Fra:1 Mem:89.72M (Peak 89.72M) | Time:00:00.03 | Mem:0.00M, Peak:0.00M | Scene, ViewLayer | Synchronizing object | bed__Headboard_channel.008
Fra:1 Mem:89.73M (Peak 89.73M) | Time:00:00.03 | Mem:0.00M, Peak:0.00M | Scene, ViewLayer | Synchronizing object | bed__White_duvet
Fra:1 Mem:89.73M (Peak 89.73M) | Time:00:00.03 | Mem:0.00M, Peak:0.00M | Scene, ViewLayer | Synchronizing object | bed__Layered_sleep_pillow_welt
Fra:1 Mem:90.25M (Peak 90.25M) | Time:00:00.03 | Mem:0.00M, Peak:0.00M | Scene, ViewLayer | Synchronizing object | bed__Layered_sleep_pillow.001
Fra:1 Mem:90.26M (Peak 90.26M) | Time:00:00.03 | Mem:0.00M, Peak:0.00M | Scene, ViewLayer | Synchronizing object | bed__Layered_sleep_pillow_welt.001
Fra:1 Mem:90.51M (Peak 90.51M) | Time:00:00.03 | Mem:0.00M, Peak:0.00M | Scene, ViewLayer | Synchronizing object | bed__Layered_sleep_pillow.002
Fra:1 Mem:90.52M (Peak 90.52M) | Time:00:00.03 | Mem:0.00M, Peak:0.00M | Scene, ViewLayer | Synchronizing object | bed__Layered_sleep_pillow_welt.002
Fra:1 Mem:90.72M (Peak 90.72M) | Time:00:00.03 | Mem:0.00M, Peak:0.00M | Scene, ViewLayer | Synchronizing object | bed__Layered_sleep_pillow.003
Fra:1 Mem:90.75M (Peak 90.75M) | Time:00:00.03 | Mem:0.00M, Peak:0.00M | Scene, ViewLayer | Synchronizing object | bed__Layered_sleep_pillow_welt.003
Fra:1 Mem:90.97M (Peak 90.97M) | Time:00:00.03 | Mem:0.00M, Peak:0.00M | Scene, ViewLayer | Synchronizing object | bed__Accent_lumbar
Fra:1 Mem:91.05M (Peak 91.05M) | Time:00:00.03 | Mem:0.00M, Peak:0.00M | Scene, ViewLayer | Synchronizing object | bed__Accent_lumbar_welt
Fra:1 Mem:91.19M (Peak 91.19M) | Time:00:00.03 | Mem:0.00M, Peak:0.00M | Scene, ViewLayer | Synchronizing object | bed__Foot_of_bed_throw
Fra:1 Mem:91.25M (Peak 91.25M) | Time:00:00.03 | Mem:0.00M, Peak:0.00M | Scene, ViewLayer | Synchronizing object | bed__Throw_fringe
Fra:1 Mem:91.78M (Peak 91.78M) | Time:00:00.03 | Mem:0.00M, Peak:0.00M | Scene, ViewLayer | Synchronizing object | sofa__Tapered_foot
Fra:1 Mem:91.78M (Peak 91.78M) | Time:00:00.03 | Mem:0.00M, Peak:0.00M | Scene, ViewLayer | Synchronizing object | sofa__Tapered_foot.002
Fra:1 Mem:91.82M (Peak 91.82M) | Time:00:00.03 | Mem:0.00M, Peak:0.00M | Scene, ViewLayer | Synchronizing object | sofa__Tapered_foot.003
Fra:1 Mem:91.85M (Peak 91.85M) | Time:00:00.03 | Mem:0.00M, Peak:0.00M | Scene, ViewLayer | Synchronizing object | sofa__Upholstered_base_welt
Fra:1 Mem:91.95M (Peak 91.95M) | Time:00:00.03 | Mem:0.00M, Peak:0.00M | Scene, ViewLayer | Synchronizing object | sofa__Upholstered_base
Fra:1 Mem:92.13M (Peak 92.13M) | Time:00:00.03 | Mem:0.00M, Peak:0.00M | Scene, ViewLayer | Synchronizing object | sofa__Back_frame
Fra:1 Mem:92.25M (Peak 92.25M) | Time:00:00.03 | Mem:0.00M, Peak:0.00M | Scene, ViewLayer | Synchronizing object | sofa__Back_frame_welt
Fra:1 Mem:92.42M (Peak 92.42M) | Time:00:00.03 | Mem:0.00M, Peak:0.00M | Scene, ViewLayer | Synchronizing object | sofa__Rounded_arm
Fra:1 Mem:92.51M (Peak 92.51M) | Time:00:00.03 | Mem:0.00M, Peak:0.00M | Scene, ViewLayer | Synchronizing object | sofa__Rounded_arm_welt
Fra:1 Mem:92.62M (Peak 92.62M) | Time:00:00.03 | Mem:0.00M, Peak:0.00M | Scene, ViewLayer | Synchronizing object | sofa__Rounded_arm.001
Fra:1 Mem:92.62M (Peak 92.62M) | Time:00:00.03 | Mem:0.00M, Peak:0.00M | Scene, ViewLayer | Synchronizing object | sofa__Rounded_arm_welt.001
Fra:1 Mem:92.85M (Peak 92.85M) | Time:00:00.03 | Mem:0.00M, Peak:0.00M | Scene, ViewLayer | Synchronizing object | sofa__Separate_seat_0
Fra:1 Mem:92.93M (Peak 92.93M) | Time:00:00.03 | Mem:0.00M, Peak:0.00M | Scene, ViewLayer | Synchronizing object | sofa__Separate_seat_0_welt
Fra:1 Mem:93.08M (Peak 93.08M) | Time:00:00.03 | Mem:0.00M, Peak:0.00M | Scene, ViewLayer | Synchronizing object | sofa__Loose_back_0
Fra:1 Mem:93.08M (Peak 93.08M) | Time:00:00.03 | Mem:0.00M, Peak:0.00M | Scene, ViewLayer | Synchronizing object | sofa__Loose_back_0_welt
Fra:1 Mem:93.30M (Peak 93.30M) | Time:00:00.03 | Mem:0.00M, Peak:0.00M | Scene, ViewLayer | Synchronizing object | sofa__Separate_seat_1
Fra:1 Mem:93.30M (Peak 93.30M) | Time:00:00.03 | Mem:0.00M, Peak:0.00M | Scene, ViewLayer | Synchronizing object | sofa__Separate_seat_1_welt
Fra:1 Mem:93.50M (Peak 93.50M) | Time:00:00.03 | Mem:0.00M, Peak:0.00M | Scene, ViewLayer | Synchronizing object | sofa__Loose_back_1
Fra:1 Mem:93.53M (Peak 93.55M) | Time:00:00.03 | Mem:0.00M, Peak:0.00M | Scene, ViewLayer | Synchronizing object | sofa__Loose_back_1_welt
Fra:1 Mem:93.74M (Peak 93.74M) | Time:00:00.03 | Mem:0.00M, Peak:0.00M | Scene, ViewLayer | Synchronizing object | sofa__Separate_seat_2
Fra:1 Mem:93.76M (Peak 93.76M) | Time:00:00.03 | Mem:0.00M, Peak:0.00M | Scene, ViewLayer | Synchronizing object | sofa__Separate_seat_2_welt
Fra:1 Mem:93.95M (Peak 93.95M) | Time:00:00.03 | Mem:0.00M, Peak:0.00M | Scene, ViewLayer | Synchronizing object | sofa__Loose_back_2
Fra:1 Mem:93.98M (Peak 93.98M) | Time:00:00.03 | Mem:0.00M, Peak:0.00M | Scene, ViewLayer | Synchronizing object | sofa__Loose_back_2_welt
Fra:1 Mem:94.16M (Peak 94.16M) | Time:00:00.03 | Mem:0.00M, Peak:0.00M | Scene, ViewLayer | Synchronizing object | sofa__Scatter_pillow_0
Fra:1 Mem:94.19M (Peak 94.19M) | Time:00:00.03 | Mem:0.00M, Peak:0.00M | Scene, ViewLayer | Synchronizing object | sofa__Scatter_pillow_0_welt
Fra:1 Mem:94.39M (Peak 94.39M) | Time:00:00.03 | Mem:0.00M, Peak:0.00M | Scene, ViewLayer | Synchronizing object | sofa__Scatter_pillow_1
Fra:1 Mem:94.41M (Peak 94.41M) | Time:00:00.03 | Mem:0.00M, Peak:0.00M | Scene, ViewLayer | Synchronizing object | sofa__Scatter_pillow_1_welt
Fra:1 Mem:94.60M (Peak 94.60M) | Time:00:00.03 | Mem:0.00M, Peak:0.00M | Scene, ViewLayer | Synchronizing object | sofa__Draped_arm_throw
Fra:1 Mem:94.66M (Peak 94.66M) | Time:00:00.03 | Mem:0.00M, Peak:0.00M | Scene, ViewLayer | Synchronizing object | table__Round_slab
Fra:1 Mem:94.84M (Peak 94.84M) | Time:00:00.03 | Mem:0.00M, Peak:0.00M | Scene, ViewLayer | Synchronizing object | table__Recessed_pedestal
Fra:1 Mem:94.92M (Peak 94.92M) | Time:00:00.03 | Mem:0.00M, Peak:0.00M | Scene, ViewLayer | Synchronizing object | armchair__Tapered_foot
Fra:1 Mem:94.94M (Peak 94.94M) | Time:00:00.03 | Mem:0.00M, Peak:0.00M | Scene, ViewLayer | Synchronizing object | armchair__Seat_cushion_welt
Fra:1 Mem:95.04M (Peak 95.04M) | Time:00:00.03 | Mem:0.00M, Peak:0.00M | Scene, ViewLayer | Synchronizing object | armchair__Tapered_foot.002
Fra:1 Mem:95.22M (Peak 95.22M) | Time:00:00.03 | Mem:0.00M, Peak:0.00M | Scene, ViewLayer | Synchronizing object | armchair__Tapered_foot.003
Fra:1 Mem:95.32M (Peak 95.32M) | Time:00:00.03 | Mem:0.00M, Peak:0.00M | Scene, ViewLayer | Synchronizing object | armchair__Seat_cushion
Fra:1 Mem:95.31M (Peak 95.32M) | Time:00:00.03 | Mem:0.00M, Peak:0.00M | Scene, ViewLayer | Synchronizing object | armchair__Curved_upholstered_shell
Fra:1 Mem:95.50M (Peak 95.50M) | Time:00:00.03 | Mem:0.00M, Peak:0.00M | Scene, ViewLayer | Synchronizing object | armchair__Shell_top_welt
Fra:1 Mem:95.70M (Peak 95.70M) | Time:00:00.03 | Mem:0.00M, Peak:0.00M | Scene, ViewLayer | Synchronizing object | armchair__Lumbar_cushion
Fra:1 Mem:95.75M (Peak 95.75M) | Time:00:00.03 | Mem:0.00M, Peak:0.00M | Scene, ViewLayer | Synchronizing object | armchair__Lumbar_cushion_welt
Fra:1 Mem:95.96M (Peak 95.96M) | Time:00:00.03 | Mem:0.00M, Peak:0.00M | Scene, ViewLayer | Synchronizing object | chair__Tapered_foot
Fra:1 Mem:95.99M (Peak 95.99M) | Time:00:00.03 | Mem:0.00M, Peak:0.00M | Scene, ViewLayer | Synchronizing object | chair__Tapered_foot.001
Fra:1 Mem:96.02M (Peak 96.02M) | Time:00:00.03 | Mem:0.00M, Peak:0.00M | Scene, ViewLayer | Synchronizing object | chair__Tapered_foot.002
Fra:1 Mem:96.05M (Peak 96.05M) | Time:00:00.03 | Mem:0.00M, Peak:0.00M | Scene, ViewLayer | Synchronizing object | chair__Tapered_foot.003
Fra:1 Mem:96.07M (Peak 96.07M) | Time:00:00.03 | Mem:0.00M, Peak:0.00M | Scene, ViewLayer | Synchronizing object | chair__Seat_cushion
Fra:1 Mem:96.09M (Peak 96.09M) | Time:00:00.03 | Mem:0.00M, Peak:0.00M | Scene, ViewLayer | Synchronizing object | chair__Seat_cushion_welt
Fra:1 Mem:96.27M (Peak 96.27M) | Time:00:00.03 | Mem:0.00M, Peak:0.00M | Scene, ViewLayer | Synchronizing object | chair__Curved_upholstered_shell
Fra:1 Mem:96.32M (Peak 96.32M) | Time:00:00.03 | Mem:0.00M, Peak:0.00M | Scene, ViewLayer | Synchronizing object | chair__Shell_top_welt
Fra:1 Mem:96.50M (Peak 96.50M) | Time:00:00.03 | Mem:0.00M, Peak:0.00M | Scene, ViewLayer | Synchronizing object | stool__Tapered_foot
Fra:1 Mem:96.50M (Peak 96.50M) | Time:00:00.03 | Mem:0.00M, Peak:0.00M | Scene, ViewLayer | Synchronizing object | stool__Tapered_foot.002
Fra:1 Mem:96.51M (Peak 96.51M) | Time:00:00.03 | Mem:0.00M, Peak:0.00M | Scene, ViewLayer | Synchronizing object | stool__Bar_seat
Fra:1 Mem:96.56M (Peak 96.56M) | Time:00:00.03 | Mem:0.00M, Peak:0.00M | Scene, ViewLayer | Synchronizing object | stool__Bar_seat_welt
Fra:1 Mem:96.83M (Peak 96.83M) | Time:00:00.03 | Mem:0.00M, Peak:0.00M | Scene, ViewLayer | Synchronizing object | stool__Foot_ring
Fra:1 Mem:96.94M (Peak 96.94M) | Time:00:00.03 | Mem:0.00M, Peak:0.00M | Scene, ViewLayer | Synchronizing object | stool__Curved_upholstered_shell
Fra:1 Mem:96.98M (Peak 96.98M) | Time:00:00.03 | Mem:0.00M, Peak:0.00M | Scene, ViewLayer | Synchronizing object | stool__Shell_top_welt
Fra:1 Mem:97.16M (Peak 97.16M) | Time:00:00.03 | Mem:0.00M, Peak:0.00M | Scene, ViewLayer | Synchronizing object | hanging_chair__Weighted_stand_base
Fra:1 Mem:97.27M (Peak 97.27M) | Time:00:00.03 | Mem:0.00M, Peak:0.00M | Scene, ViewLayer | Synchronizing object | hanging_chair__Curved_hanging_stand
Fra:1 Mem:97.28M (Peak 97.28M) | Time:00:00.03 | Mem:0.00M, Peak:0.00M | Scene, ViewLayer | Synchronizing object | hanging_chair__Suspension_link
Fra:1 Mem:97.28M (Peak 97.28M) | Time:00:00.03 | Mem:0.00M, Peak:0.00M | Scene, ViewLayer | Synchronizing object | hanging_chair__Woven_rattan_shell
Fra:1 Mem:103.52M (Peak 104.16M) | Time:00:00.04 | Mem:0.00M, Peak:0.00M | Scene, ViewLayer | Synchronizing object | hanging_chair__Bound_opening_rim
Fra:1 Mem:103.68M (Peak 104.16M) | Time:00:00.04 | Mem:0.00M, Peak:0.00M | Scene, ViewLayer | Synchronizing object | hanging_chair__Egg_seat
Fra:1 Mem:103.69M (Peak 104.16M) | Time:00:00.04 | Mem:0.00M, Peak:0.00M | Scene, ViewLayer | Synchronizing object | hanging_chair__Egg_seat_welt
Fra:1 Mem:103.88M (Peak 104.16M) | Time:00:00.04 | Mem:0.00M, Peak:0.00M | Scene, ViewLayer | Synchronizing object | hanging_chair__Egg_back_pillow
Fra:1 Mem:103.96M (Peak 104.16M) | Time:00:00.04 | Mem:0.00M, Peak:0.00M | Scene, ViewLayer | Synchronizing object | hanging_chair__Egg_back_pillow_welt
Fra:1 Mem:104.12M (Peak 104.16M) | Time:00:00.04 | Mem:0.00M, Peak:0.00M | Scene, ViewLayer | Synchronizing object | hanging_chair__Egg_scatter_pillow
Fra:1 Mem:104.12M (Peak 104.16M) | Time:00:00.04 | Mem:0.00M, Peak:0.00M | Scene, ViewLayer | Synchronizing object | hanging_chair__Egg_scatter_pillow_welt
Fra:1 Mem:104.32M (Peak 104.32M) | Time:00:00.04 | Mem:0.00M, Peak:0.00M | Scene, ViewLayer | Synchronizing object | hanging_chair__Egg_throw
Fra:1 Mem:104.32M (Peak 104.32M) | Time:00:00.04 | Mem:0.00M, Peak:0.00M | Scene, ViewLayer | Synchronizing object | plant__Planter
Fra:1 Mem:104.37M (Peak 104.37M) | Time:00:00.04 | Mem:0.00M, Peak:0.00M | Scene, ViewLayer | Synchronizing object | plant__Tree_trunk
Fra:1 Mem:104.55M (Peak 104.55M) | Time:00:00.04 | Mem:0.00M, Peak:0.00M | Scene, ViewLayer | Synchronizing object | plant__Fine_branch
Fra:1 Mem:104.59M (Peak 104.59M) | Time:00:00.04 | Mem:0.00M, Peak:0.00M | Scene, ViewLayer | Synchronizing object | plant__Fine_branch.001
Fra:1 Mem:104.67M (Peak 104.67M) | Time:00:00.04 | Mem:0.00M, Peak:0.00M | Scene, ViewLayer | Synchronizing object | plant__Fine_branch.002
Fra:1 Mem:104.70M (Peak 104.70M) | Time:00:00.04 | Mem:0.00M, Peak:0.00M | Scene, ViewLayer | Synchronizing object | plant__Fine_branch.003
Fra:1 Mem:104.75M (Peak 104.75M) | Time:00:00.04 | Mem:0.00M, Peak:0.00M | Scene, ViewLayer | Synchronizing object | plant__Fine_branch.004
Fra:1 Mem:104.75M (Peak 104.75M) | Time:00:00.04 | Mem:0.00M, Peak:0.00M | Scene, ViewLayer | Synchronizing object | plant__Fine_branch.005
Fra:1 Mem:104.76M (Peak 104.76M) | Time:00:00.04 | Mem:0.00M, Peak:0.00M | Scene, ViewLayer | Synchronizing object | plant__Fine_branch.006
Fra:1 Mem:104.75M (Peak 104.76M) | Time:00:00.04 | Mem:0.00M, Peak:0.00M | Scene, ViewLayer | Synchronizing object | plant__Fine_branch.007
Fra:1 Mem:104.76M (Peak 104.76M) | Time:00:00.04 | Mem:0.00M, Peak:0.00M | Scene, ViewLayer | Synchronizing object | plant__Fine_branch.008
Fra:1 Mem:104.76M (Peak 104.76M) | Time:00:00.04 | Mem:0.00M, Peak:0.00M | Scene, ViewLayer | Synchronizing object | plant__Fine_branch.009
Fra:1 Mem:104.77M (Peak 104.77M) | Time:00:00.04 | Mem:0.00M, Peak:0.00M | Scene, ViewLayer | Synchronizing object | plant__Fine_branch.010
Fra:1 Mem:104.81M (Peak 104.81M) | Time:00:00.04 | Mem:0.00M, Peak:0.00M | Scene, ViewLayer | Synchronizing object | plant__Fine_branch.011
Fra:1 Mem:104.81M (Peak 104.81M) | Time:00:00.04 | Mem:0.00M, Peak:0.00M | Scene, ViewLayer | Synchronizing object | plant__Fine_branch.012
Fra:1 Mem:104.82M (Peak 104.82M) | Time:00:00.04 | Mem:0.00M, Peak:0.00M | Scene, ViewLayer | Synchronizing object | plant__Fine_branch.013
Fra:1 Mem:104.82M (Peak 104.82M) | Time:00:00.04 | Mem:0.00M, Peak:0.00M | Scene, ViewLayer | Synchronizing object | plant__Fine_branch.014
Fra:1 Mem:104.85M (Peak 104.85M) | Time:00:00.04 | Mem:0.00M, Peak:0.00M | Scene, ViewLayer | Synchronizing object | plant__Fine_branch.015
Fra:1 Mem:104.89M (Peak 104.89M) | Time:00:00.04 | Mem:0.00M, Peak:0.00M | Scene, ViewLayer | Synchronizing object | plant__Fine_branch.016
Fra:1 Mem:104.86M (Peak 104.89M) | Time:00:00.04 | Mem:0.00M, Peak:0.00M | Scene, ViewLayer | Synchronizing object | plant__Fine_branch.017
Fra:1 Mem:104.86M (Peak 104.89M) | Time:00:00.04 | Mem:0.00M, Peak:0.00M | Scene, ViewLayer | Synchronizing object | plant__Fine_branch.018
Fra:1 Mem:104.87M (Peak 104.89M) | Time:00:00.04 | Mem:0.00M, Peak:0.00M | Scene, ViewLayer | Synchronizing object | plant__Fine_branch.019
Fra:1 Mem:104.87M (Peak 104.89M) | Time:00:00.04 | Mem:0.00M, Peak:0.00M | Scene, ViewLayer | Synchronizing object | plant__Individual_curved_leaves
Fra:1 Mem:104.95M (Peak 104.95M) | Time:00:00.04 | Mem:0.00M, Peak:0.00M | Scene, ViewLayer | Synchronizing object | plant__Leaf_midribs
Fra:1 Mem:106.76M (Peak 106.76M) | Time:00:00.04 | Mem:0.00M, Peak:0.00M | Scene, ViewLayer | Synchronizing object | cabinet__Recessed_toe
Fra:1 Mem:106.76M (Peak 106.76M) | Time:00:00.04 | Mem:0.00M, Peak:0.00M | Scene, ViewLayer | Synchronizing object | cabinet__Carcass
Fra:1 Mem:106.76M (Peak 106.76M) | Time:00:00.04 | Mem:0.00M, Peak:0.00M | Scene, ViewLayer | Synchronizing object | cabinet__Slim_pull_0
Fra:1 Mem:106.78M (Peak 106.78M) | Time:00:00.04 | Mem:0.00M, Peak:0.00M | Scene, ViewLayer | Synchronizing object | cabinet__Slim_pull_1
Fra:1 Mem:106.80M (Peak 106.80M) | Time:00:00.04 | Mem:0.00M, Peak:0.00M | Scene, ViewLayer | Synchronizing object | cabinet__Counter_cap
Fra:1 Mem:106.91M (Peak 106.91M) | Time:00:00.04 | Mem:0.00M, Peak:0.00M | Scene, ViewLayer | Synchronizing object | decor__Sprigs
Fra:1 Mem:106.92M (Peak 106.92M) | Time:00:00.04 | Mem:0.00M, Peak:0.00M | Scene, ViewLayer | Synchronizing object | decor__Tray
Fra:1 Mem:106.93M (Peak 106.93M) | Time:00:00.04 | Mem:0.00M, Peak:0.00M | Scene, ViewLayer | Synchronizing object | decor__Glass_candle_vessel
Fra:1 Mem:106.99M (Peak 106.99M) | Time:00:00.04 | Mem:0.00M, Peak:0.00M | Scene, ViewLayer | Synchronizing object | decor__Wax
Fra:1 Mem:107.04M (Peak 107.04M) | Time:00:00.04 | Mem:0.00M, Peak:0.00M | Scene, ViewLayer | Synchronizing object | rug__Rug_end_fringe
Fra:1 Mem:107.05M (Peak 107.05M) | Time:00:00.04 | Mem:0.00M, Peak:0.00M | Scene, ViewLayer | Synchronizing object | decor__Wax.001
Fra:1 Mem:107.16M (Peak 107.16M) | Time:00:00.04 | Mem:0.00M, Peak:0.00M | Scene, ViewLayer | Synchronizing object | decor__Warm_candle_flame.001
Fra:1 Mem:107.24M (Peak 107.24M) | Time:00:00.04 | Mem:0.00M, Peak:0.00M | Scene, ViewLayer | Synchronizing object | decor__Ceramic_vase
Fra:1 Mem:107.60M (Peak 107.60M) | Time:00:00.04 | Mem:0.00M, Peak:0.00M | Scene, ViewLayer | Synchronizing object | decor__Sprig_leaf.002
Fra:1 Mem:107.80M (Peak 107.80M) | Time:00:00.04 | Mem:0.00M, Peak:0.00M | Scene, ViewLayer | Synchronizing object | rug__Inset_woven_field
Fra:1 Mem:108.11M (Peak 108.11M) | Time:00:00.04 | Mem:0.00M, Peak:0.00M | Scene, ViewLayer | Synchronizing object | rug__Binding_border
Fra:1 Mem:108.11M (Peak 108.11M) | Time:00:00.04 | Mem:0.00M, Peak:0.00M | Scene, ViewLayer | Synchronizing object | lamp__Weighted_lamp_base
Fra:1 Mem:108.12M (Peak 108.12M) | Time:00:00.04 | Mem:0.00M, Peak:0.00M | Scene, ViewLayer | Synchronizing object | lamp__Lamp_stem
Fra:1 Mem:108.17M (Peak 108.17M) | Time:00:00.04 | Mem:0.00M, Peak:0.00M | Scene, ViewLayer | Synchronizing object | lamp__Linen_lampshade
Fra:1 Mem:108.17M (Peak 108.17M) | Time:00:00.04 | Mem:0.00M, Peak:0.00M | Scene, ViewLayer | Synchronizing object | lamp__Shade_lower_binding
Fra:1 Mem:108.33M (Peak 108.33M) | Time:00:00.04 | Mem:0.00M, Peak:0.00M | Scene, ViewLayer | Synchronizing object | Key
Fra:1 Mem:108.33M (Peak 108.33M) | Time:00:00.04 | Mem:0.00M, Peak:0.00M | Scene, ViewLayer | Synchronizing object | Rim
Fra:1 Mem:108.34M (Peak 108.34M) | Time:00:00.04 | Mem:0.00M, Peak:0.00M | Scene, ViewLayer | Initializing
Fra:1 Mem:69.41M (Peak 108.34M) | Time:00:00.05 | Mem:0.00M, Peak:0.00M | Scene, ViewLayer | Waiting for render to start
Fra:1 Mem:69.41M (Peak 108.34M) | Time:00:00.05 | Mem:0.00M, Peak:0.00M | Scene, ViewLayer | Updating Scene
Fra:1 Mem:69.41M (Peak 108.34M) | Time:00:00.05 | Mem:0.00M, Peak:0.00M | Scene, ViewLayer | Updating Shaders
Fra:1 Mem:69.41M (Peak 108.34M) | Time:00:00.05 | Mem:0.00M, Peak:0.00M | Scene, ViewLayer | Loading render kernels (may take a few minutes the first time)
Fra:1 Mem:69.51M (Peak 108.34M) | Time:00:00.05 | Mem:0.02M, Peak:0.02M | Scene, ViewLayer | Updating Procedurals
Fra:1 Mem:69.51M (Peak 108.34M) | Time:00:00.05 | Mem:0.02M, Peak:0.02M | Scene, ViewLayer | Updating Background
Fra:1 Mem:69.51M (Peak 108.34M) | Time:00:00.05 | Mem:0.02M, Peak:0.02M | Scene, ViewLayer | Updating Camera
Fra:1 Mem:69.51M (Peak 108.34M) | Time:00:00.05 | Mem:0.02M, Peak:0.02M | Scene, ViewLayer | Updating Meshes Flags
Fra:1 Mem:69.51M (Peak 108.34M) | Time:00:00.05 | Mem:0.02M, Peak:0.02M | Scene, ViewLayer | Updating Objects
Fra:1 Mem:69.51M (Peak 108.34M) | Time:00:00.05 | Mem:0.02M, Peak:0.02M | Scene, ViewLayer | Updating Objects | Copying Transformations to device
Fra:1 Mem:69.61M (Peak 108.34M) | Time:00:00.05 | Mem:0.11M, Peak:0.11M | Scene, ViewLayer | Updating Particle Systems
Fra:1 Mem:69.61M (Peak 108.34M) | Time:00:00.05 | Mem:0.11M, Peak:0.11M | Scene, ViewLayer | Updating Particle Systems | Copying Particles to device
Fra:1 Mem:69.61M (Peak 108.34M) | Time:00:00.05 | Mem:0.11M, Peak:0.11M | Scene, ViewLayer | Updating Meshes
Fra:1 Mem:69.61M (Peak 108.34M) | Time:00:00.05 | Mem:0.11M, Peak:0.11M | Scene, ViewLayer | Updating Objects | Applying Static Transformations
Fra:1 Mem:69.61M (Peak 108.34M) | Time:00:00.05 | Mem:0.11M, Peak:0.11M | Scene, ViewLayer | Updating Mesh | Computing attributes
Fra:1 Mem:72.33M (Peak 108.34M) | Time:00:00.06 | Mem:0.14M, Peak:0.14M | Scene, ViewLayer | Updating Mesh | Copying Attributes to device
Fra:1 Mem:72.28M (Peak 108.34M) | Time:00:00.06 | Mem:2.78M, Peak:2.78M | Scene, ViewLayer | Updating Scene BVH | Building
Fra:1 Mem:72.28M (Peak 108.34M) | Time:00:00.06 | Mem:2.78M, Peak:2.78M | Scene, ViewLayer | Updating Scene BVH | Building BVH
Fra:1 Mem:72.28M (Peak 108.34M) | Time:00:00.06 | Mem:13.10M, Peak:13.10M | Scene, ViewLayer | Updating Scene BVH | Building BVH 0%
Fra:1 Mem:72.28M (Peak 108.34M) | Time:00:00.08 | Mem:24.33M, Peak:34.65M | Scene, ViewLayer | Updating Scene BVH | Copying BVH to device
Fra:1 Mem:72.28M (Peak 108.34M) | Time:00:00.08 | Mem:24.33M, Peak:34.65M | Scene, ViewLayer | Updating Mesh | Computing normals
Fra:1 Mem:82.73M (Peak 108.34M) | Time:00:00.08 | Mem:24.33M, Peak:34.65M | Scene, ViewLayer | Updating Mesh | Copying Mesh to device
Fra:1 Mem:82.73M (Peak 108.34M) | Time:00:00.08 | Mem:34.78M, Peak:34.78M | Scene, ViewLayer | Updating Objects Flags
Fra:1 Mem:82.73M (Peak 108.34M) | Time:00:00.08 | Mem:34.78M, Peak:34.78M | Scene, ViewLayer | Updating Primitive Offsets
Fra:1 Mem:82.73M (Peak 108.34M) | Time:00:00.08 | Mem:34.78M, Peak:34.78M | Scene, ViewLayer | Updating Images
Fra:1 Mem:82.73M (Peak 108.34M) | Time:00:00.08 | Mem:34.78M, Peak:34.78M | Scene, ViewLayer | Updating Camera Volume
Fra:1 Mem:82.73M (Peak 108.34M) | Time:00:00.08 | Mem:34.78M, Peak:34.78M | Scene, ViewLayer | Updating Lookup Tables
Fra:1 Mem:82.73M (Peak 108.34M) | Time:00:00.08 | Mem:34.86M, Peak:34.86M | Scene, ViewLayer | Updating Lights
Fra:1 Mem:82.73M (Peak 108.34M) | Time:00:00.08 | Mem:34.86M, Peak:34.86M | Scene, ViewLayer | Updating Lights | Computing tree
Fra:1 Mem:84.23M (Peak 108.34M) | Time:00:00.08 | Mem:36.36M, Peak:36.36M | Scene, ViewLayer | Updating Integrator
Fra:1 Mem:84.23M (Peak 108.34M) | Time:00:00.08 | Mem:36.36M, Peak:36.36M | Scene, ViewLayer | Updating Film
Fra:1 Mem:84.23M (Peak 108.34M) | Time:00:00.09 | Mem:36.28M, Peak:36.36M | Scene, ViewLayer | Updating Lookup Tables
Fra:1 Mem:84.23M (Peak 108.34M) | Time:00:00.09 | Mem:36.36M, Peak:36.36M | Scene, ViewLayer | Updating Baking
Fra:1 Mem:84.23M (Peak 108.34M) | Time:00:00.09 | Mem:36.36M, Peak:36.36M | Scene, ViewLayer | Updating Device | Writing constant memory
Fra:1 Mem:84.24M (Peak 108.34M) | Time:00:00.09 | Mem:36.36M, Peak:36.36M | Scene, ViewLayer | Loading denoising kernels (may take a few minutes the first time)
Fra:1 Mem:84.24M (Peak 108.34M) | Time:00:00.09 | Mem:36.36M, Peak:36.36M | Scene, ViewLayer | Sample 0/24
Fra:1 Mem:200.29M (Peak 200.29M) | Time:00:00.54 | Remaining:00:10.50 | Mem:152.33M, Peak:152.33M | Scene, ViewLayer | Sample 1/24
Fra:1 Mem:249.12M (Peak 322.36M) | Time:00:11.49 | Mem:152.33M, Peak:152.33M | Scene, ViewLayer | Sample 24/24
Fra:1 Mem:249.12M (Peak 322.36M) | Time:00:11.49 | Mem:152.33M, Peak:152.33M | Scene, ViewLayer | Finished
Saved: '/home/nicklee/Phenix_Project/Drone/environments/villa_v1/renders/assets_furniture/furniture_preview.png'
Time: 00:11.62 (Saving: 00:00.13)

Info: Saved as "furniture_preview.blend"
FURNITURE_SMOKE_OK 14 types 424 components

Blender quit
